[www.myfitnesspal.com/index.html]
[backblue.gif]
[fade.gif]
[index.html]
[www.myfitnesspal.com/favicon.png]
[web-assets.myfitnesspal.com/fonts/inter.css]
[web-main-assets.myfitnesspal.com/_next/static/chunks/polyfills-c67a75d1b6f99dc8.js]
[web-main-assets.myfitnesspal.com/_next/static/chunks/webpack-69456466217a02fe.js]
[web-main-assets.myfitnesspal.com/_next/static/chunks/framework-24b689b0ef8cdbd3.js]
[web-main-assets.myfitnesspal.com/_next/static/chunks/main-60c4c34036555ba5.js]
[web-main-assets.myfitnesspal.com/_next/static/chunks/pages/_app-f2d1dfb76af16ffb.js]
[web-main-assets.myfitnesspal.com/_next/static/chunks/1054-3335909d7fe42560.js]
[web-main-assets.myfitnesspal.com/_next/static/chunks/4014-9b31eead47bd9b1d.js]
[web-main-assets.myfitnesspal.com/_next/static/chunks/4394-e4583bdb0d73f871.js]
[web-main-assets.myfitnesspal.com/_next/static/chunks/2228-22e6bf9cbc06cf64.js]
[web-main-assets.myfitnesspal.com/_next/static/chunks/4672-638d6691a5895513.js]
[web-main-assets.myfitnesspal.com/_next/static/chunks/270-287f7b94646c0071.js]
[web-main-assets.myfitnesspal.com/_next/static/chunks/pages/index-6beb133b7aa6adf5.js]
[web-main-assets.myfitnesspal.com/_next/static/QdsE0UHGQPtyod2jOrD6E/_buildManifest.js]
[web-main-assets.myfitnesspal.com/_next/static/QdsE0UHGQPtyod2jOrD6E/_ssgManifest.js]
[www.myfitnesspal.com/account/login3a46.html]
[www.myfitnesspal.com/account/create/welcome.html]
[www.myfitnesspal.com/nutrition-facts-calories.html]
[www.myfitnesspal.com/_next/hero-collage-top-large@2xad48.png]
[www.myfitnesspal.com/_next/hero-collage-search-bottom-large@2x2ab8.png]
[www.myfitnesspal.com/premium08a6.html]
[www.myfitnesspal.com/account/create/welcome62a4.html]
[www.myfitnesspal.com/_next/static/media/diary.e6e4c438.svg]
[www.myfitnesspal.com/_next/static/media/barcode.18277ae4.svg]
[www.myfitnesspal.com/account/login.html]
[www.myfitnesspal.com/_next/static/media/shoeblue.28e2684f.svg]
[www.myfitnesspal.com/_next/victory-story-3dd52.jpeg]
[www.myfitnesspal.com/_next/victory-story-1c294.jpeg]
[www.myfitnesspal.com/_next/victory-story-24838.jpeg]
[www.myfitnesspal.com/_next/cheat-days9392.jpeg]
[www.myfitnesspal.com/_next/getting-moving1238.png]
[www.myfitnesspal.com/_next/img-apps@2xcd65.png]
[www.myfitnesspal.com/_next/static/media/conversion-apple-app-store-logo.751bc42c.svg]
[www.myfitnesspal.com/_next/static/media/conversion-google-play-store-logo.1c6369a1.svg]
[www.myfitnesspal.com/terms-of-service.html]
[www.myfitnesspal.com/privacy-policy.html]
[www.myfitnesspal.com/contact-us.html]
[www.myfitnesspal.com/community-guidelines.html]
[www.myfitnesspal.com/index.html]
[www.myfitnesspal.com/data-usage.html]
[www.myfitnesspal.com/es/index.html]
[www.myfitnesspal.com/es.html]
[www.myfitnesspal.com/da/index.html]
[www.myfitnesspal.com/da.html]
[www.myfitnesspal.com/de/index.html]
[www.myfitnesspal.com/fr/index.html]
[www.myfitnesspal.com/fr.html]
[www.myfitnesspal.com/it/index.html]
[www.myfitnesspal.com/de.html]
[www.myfitnesspal.com/ja/index.html]
[www.myfitnesspal.com/ja.html]
[www.myfitnesspal.com/it.html]
[www.myfitnesspal.com/ko/index.html]
[www.myfitnesspal.com/ko.html]
[www.myfitnesspal.com/nb/index.html]
[www.myfitnesspal.com/nb.html]
[www.myfitnesspal.com/nl/index.html]
[www.myfitnesspal.com/pt/index.html]
[www.myfitnesspal.com/pt.html]
[www.myfitnesspal.com/sv/index.html]
[www.myfitnesspal.com/nl.html]
[www.myfitnesspal.com/pl/index.html]
[www.myfitnesspal.com/sv.html]
[www.myfitnesspal.com/pl.html]
[www.myfitnesspal.com/id/index.html]
[www.myfitnesspal.com/id.html]
[www.myfitnesspal.com/tl/index.html]
[www.myfitnesspal.com/tl.html]
[www.myfitnesspal.com/ru/index.html]
[www.myfitnesspal.com/ms/index.html]
[www.myfitnesspal.com/ru.html]
[www.myfitnesspal.com/ms.html]
[www.myfitnesspal.com/tr/index.html]
[www.myfitnesspal.com/tr.html]
[www.myfitnesspal.com/zh-CN/index.html]
[www.myfitnesspal.com/zh-TW/index.html]
[www.myfitnesspal.com/zh-TW.html]
[www.myfitnesspal.com/zh-CN.html]
[web-assets.myfitnesspal.com/fonts/Inter-Thin.woff2]
[web-assets.myfitnesspal.com/fonts/Inter-Thin.woff]
[web-assets.myfitnesspal.com/fonts/Inter-Thin.ttf]
[web-assets.myfitnesspal.com/fonts/Inter-ThinItalic.woff2]
[web-assets.myfitnesspal.com/fonts/Inter-ThinItalic.woff]
[web-assets.myfitnesspal.com/fonts/Inter-ExtraLight.woff2]
[web-assets.myfitnesspal.com/fonts/Inter-ExtraLight.woff]
[web-assets.myfitnesspal.com/fonts/Inter-ExtraLight.ttf]
[web-assets.myfitnesspal.com/fonts/Inter-ExtraLightItalic.woff2]
[web-assets.myfitnesspal.com/fonts/Inter-ExtraLightItalic.woff]
[web-assets.myfitnesspal.com/fonts/Inter-Light.ttf]
[web-assets.myfitnesspal.com/fonts/Inter-LightItalic.woff2]
[web-assets.myfitnesspal.com/fonts/Inter-LightItalic.woff]
[web-assets.myfitnesspal.com/fonts/Inter-Regular.woff2]
[web-assets.myfitnesspal.com/fonts/Inter-Regular.woff]
[web-assets.myfitnesspal.com/fonts/Inter-Regular.ttf]
[web-assets.myfitnesspal.com/fonts/Inter-Italic.woff2]
[web-assets.myfitnesspal.com/fonts/Inter-Italic.woff]
[web-assets.myfitnesspal.com/fonts/Inter-Medium.woff2]
[web-assets.myfitnesspal.com/fonts/Inter-Medium.woff]
[web-assets.myfitnesspal.com/fonts/Inter-Medium.ttf]
[web-assets.myfitnesspal.com/fonts/Inter-MediumItalic.woff2]
[web-assets.myfitnesspal.com/fonts/Inter-MediumItalic.woff]
[web-assets.myfitnesspal.com/fonts/Inter-SemiBold.woff2]
[web-assets.myfitnesspal.com/fonts/Inter-SemiBold.woff]
[web-assets.myfitnesspal.com/fonts/Inter-SemiBold.ttf]
[web-assets.myfitnesspal.com/fonts/Inter-SemiBoldItalic.woff2]
[web-assets.myfitnesspal.com/fonts/Inter-SemiBoldItalic.woff]
[web-assets.myfitnesspal.com/fonts/Inter-Bold.woff2]
[web-assets.myfitnesspal.com/fonts/Inter-Bold.woff]
[web-assets.myfitnesspal.com/fonts/Inter-Bold.ttf]
[web-assets.myfitnesspal.com/fonts/Inter-ExtraBold.woff2]
[web-assets.myfitnesspal.com/fonts/Inter-ExtraBold.woff]
[web-assets.myfitnesspal.com/fonts/Inter-ExtraBold.ttf]
[web-assets.myfitnesspal.com/fonts/Inter-ExtraBoldItalic.woff2]
[web-assets.myfitnesspal.com/fonts/Inter-ExtraBoldItalic.woff]
[web-assets.myfitnesspal.com/fonts/Inter-Black.woff2]
[web-assets.myfitnesspal.com/fonts/Inter-Black.woff]
[web-assets.myfitnesspal.com/fonts/Inter-Black.ttf]
[web-assets.myfitnesspal.com/fonts/Inter-BlackItalic.woff2]
[web-assets.myfitnesspal.com/fonts/Inter-BlackItalic.woff]
[web-assets.myfitnesspal.com/fonts/inter.css]
[www.myfitnesspal.com/es/account/login.html]
[www.myfitnesspal.com/da/account/login.html]
[www.myfitnesspal.com/fr/account/login.html]
[www.myfitnesspal.com/de/account/login.html]
[www.myfitnesspal.com/ja/account/login.html]
[www.myfitnesspal.com/it/account/login.html]
[www.myfitnesspal.com/ko/account/login.html]
[www.myfitnesspal.com/nb/account/login.html]
[www.myfitnesspal.com/nl/account/login.html]
[www.myfitnesspal.com/pt/account/login.html]
[www.myfitnesspal.com/pl/account/login.html]
[www.myfitnesspal.com/sv/account/login.html]
[www.myfitnesspal.com/id/account/login.html]
[www.myfitnesspal.com/tl/account/login.html]
[www.myfitnesspal.com/ru/account/login.html]
[www.myfitnesspal.com/tr/account/login.html]
[www.myfitnesspal.com/ms/account/login.html]
[web-main-assets.myfitnesspal.com/_next/static/chunks/939-454ef638f44d6962.js]
[www.myfitnesspal.com/zh-TW/account/login.html]
[www.myfitnesspal.com/zh-CN/account/login.html]
[web-main-assets.myfitnesspal.com/_next/static/chunks/4231-183035a5c2057852.js]
[web-main-assets.myfitnesspal.com/_next/static/chunks/858-2ae4c9244159c4df.js]
[web-main-assets.myfitnesspal.com/_next/static/chunks/pages/account/login-3b62ece89aa42132.js]
[www.myfitnesspal.com/account/login07e9.html]
[www.myfitnesspal.com/account/create/welcome699d.html]
[www.myfitnesspal.com/account/forgot-password.html]
[www.myfitnesspal.com/account/login3a46.html]
[www.myfitnesspal.com/da/account/create/welcome.html]
[www.myfitnesspal.com/es/account/create/welcome.html]
[www.myfitnesspal.com/de/account/create/welcome.html]
[www.myfitnesspal.com/fr/account/create/welcome.html]
[www.myfitnesspal.com/it/account/create/welcome.html]
[www.myfitnesspal.com/ja/account/create/welcome.html]
[www.myfitnesspal.com/ko/account/create/welcome.html]
[www.myfitnesspal.com/nb/account/create/welcome.html]
[www.myfitnesspal.com/nl/account/create/welcome.html]
[www.myfitnesspal.com/pt/account/create/welcome.html]
[www.myfitnesspal.com/pl/account/create/welcome.html]
[www.myfitnesspal.com/sv/account/create/welcome.html]
[www.myfitnesspal.com/id/account/create/welcome.html]
[www.myfitnesspal.com/tl/account/create/welcome.html]
[www.myfitnesspal.com/ru/account/create/welcome.html]
[www.myfitnesspal.com/tr/account/create/welcome.html]
[www.myfitnesspal.com/ms/account/create/welcome.html]
[www.myfitnesspal.com/zh-CN/account/create/welcome.html]
[www.myfitnesspal.com/account/create/welcome.html]
[web-main-assets.myfitnesspal.com/_next/static/chunks/pages/account/create/welcome-d7dc35c6726ca9df.js]
[www.myfitnesspal.com/zh-TW/account/create/welcome.html]
[www.myfitnesspal.com/stylesheets/font-awesome/css/font-awesome.min.css]
[www.myfitnesspal.com/assets/sass/controllers/welcome-b27dce3a88a8d388d6d86b0e8467ea29e1bec8cf8c05d3af177c51741884097d.css]
[www.myfitnesspal.com/stylesheets/font-mfizz/font-mfizz.css]
[www.myfitnesspal.com/assets/lscache.min-a6affe67fc53a154d2bd7b7fce0ec29b6072c5e6752bb8fbc2f43f74bf7d480d.js]
[www.myfitnesspal.com/assets/rsvp-latest.min-6cbb7dc7452bbec37115c9cea3200159e71d24f8c0a5ae62fcab3c268b14a428.js]
[www.myfitnesspal.com/assets/moment-7c169710367e715cec0e7768bb92b9339f5a767a109041e9e9861a0abc0afa44.js]
[www.myfitnesspal.com/assets/airbrake-shim-20b7fbeeecdfa3e0d3d115f13919c9f957af2f0839a32eca859bd9478419676b.js]
[www.myfitnesspal.com/assets/mfp_user-acdb8fcb1abff57ae9161d6b17f065693b1f8c3516359148f748931ed2bfb348.js]
[cdn.adrta.com/aa.js]
[www.myfitnesspal.com/welcome/mfpketo.user.b7.delayed]
[www.google-analytics.com/analytics.js]
[cdn.amplitude.com/libs/amplitude-4.5.0-min.gz.js]
[www.myfitnesspal.com/assets/application-12dd4db75ef485ff18486ee141131d53df203a6761f45b2640b8167dd2efc732.js]
[www.google.com/recaptcha/api.js]
[www.myfitnesspal.com/assets/captcha-58b024617cc5d626ad19b33982834304e8997eebe395cedb6fc52557f9a5c0bf.js]
[connect.facebook.net/en_US/sdk.js]
[www.myfitnesspal.com/account/loginc9a8.html]
[www.myfitnesspal.com/account/createfd11.html]
[www.myfitnesspal.com/account/create.html]
[www.myfitnesspal.com/premium4d98.html]
[www.myfitnesspal.com/assets/stats/sso/login_modal-bdc85ed7b5c209e482b4b6173aec449fefee495f008480fedf384959921fe6f1.js]
[www.myfitnesspal.com/assets/sass/banner/ccpa_banner-b85389516f8dd473ef5a288d7782601e20aced378a9a11798bd30803ccb147b5.css]
[www.myfitnesspal.com/assets/ccpa-177c2137c81e9dd40073076f214e1a4d0c5f455c6a1b99a1ee6a522757e4428c.js]
[www.myfitnesspal.com/welcome/learn_more.html]
[cdnjs.cloudflare.com/ajax/libs/font-awesome/4.7.0/css/font-awesome.min.css]
[www.myfitnesspal.com/es/nutrition-facts-calories.html]
[www.myfitnesspal.com/de/nutrition-facts-calories.html]
[www.myfitnesspal.com/da/nutrition-facts-calories.html]
[www.myfitnesspal.com/fr/nutrition-facts-calories.html]
[www.myfitnesspal.com/it/nutrition-facts-calories.html]
[www.myfitnesspal.com/ko/nutrition-facts-calories.html]
[www.myfitnesspal.com/ja/nutrition-facts-calories.html]
[www.myfitnesspal.com/nb/nutrition-facts-calories.html]
[www.myfitnesspal.com/pt/nutrition-facts-calories.html]
[www.myfitnesspal.com/nl/nutrition-facts-calories.html]
[www.myfitnesspal.com/sv/nutrition-facts-calories.html]
[www.myfitnesspal.com/pl/nutrition-facts-calories.html]
[www.myfitnesspal.com/id/nutrition-facts-calories.html]
[www.myfitnesspal.com/tl/nutrition-facts-calories.html]
[www.myfitnesspal.com/ru/nutrition-facts-calories.html]
[www.myfitnesspal.com/ms/nutrition-facts-calories.html]
[www.myfitnesspal.com/tr/nutrition-facts-calories.html]
[web-main-assets.myfitnesspal.com/_next/static/chunks/36bcf0ca-5403a26426478a02.js]
[www.myfitnesspal.com/zh-TW/nutrition-facts-calories.html]
[www.myfitnesspal.com/zh-CN/nutrition-facts-calories.html]
[web-main-assets.myfitnesspal.com/_next/static/chunks/7394-a3b842f37072a918.js]
[web-main-assets.myfitnesspal.com/_next/static/chunks/9881-cabb832f08f954b4.js]
[web-main-assets.myfitnesspal.com/_next/static/chunks/pages/nutrition-facts-calories/[[...params]]-8763eb5c94c16446.js]
[www.myfitnesspal.com/account/login232f.html]
[www.myfitnesspal.com/_next/static/media/food-search.ca9350e8.svg]
[www.myfitnesspal.com/_next/breakfast-300-calories3486.png]
[www.myfitnesspal.com/_next/running169c.png]
[www.myfitnesspal.com/nutrition-facts-calories.html]
[www.myfitnesspal.com/exercise/mfpketo.user.js]
[www.myfitnesspal.com/assets/sass/application-4bba599230fb54490cfc454fa02938d543ba3e26ae2f451ea727b03975be00c0.css]
[web-assets.myfitnesspal.com/omnigon/mfp-www-ads/latest/og.hb.min.js]
[securepubads.g.doubleclick.net/tag/js/gpt.js]
[www.myfitnesspal.com/account/logindd33.html]
[www.myfitnesspal.com/exercise/lookup.html]
[www.myfitnesspal.com/opensearch.xml]
[www.myfitnesspal.com/mfpketo.user.js]
[www.myfitnesspal.com/assets/app_gallery/app_gallery-c370ff5cb7fff018c8c965d29bbe7d379496ce4ccab5bb75de3c45cb14b5e1cb.js]
[www.myfitnesspal.com/account/logina614.html]
[dakd0cjsv8wfa.cloudfront.net/images/api_clients/0/api_clients_30_2_10_0_90706.png]
[dakd0cjsv8wfa.cloudfront.net/images/api_clients/0/api_clients_120_2_10_0_25954.png]
[dakd0cjsv8wfa.cloudfront.net/images/api_clients/0/api_clients_229_2_10_0_74866.png]
[dakd0cjsv8wfa.cloudfront.net/images/api_clients/0/api_clients_180_2_10_0_26145.png]
[dakd0cjsv8wfa.cloudfront.net/images/api_clients/0/api_clients_102_2_10_0_2751.png]
[dakd0cjsv8wfa.cloudfront.net/images/api_clients/0/api_clients_30_1_10_0_45741.png]
[www.myfitnesspal.com/account/loginff20.html]
[dakd0cjsv8wfa.cloudfront.net/images/api_clients/0/api_clients_229_1_10_0_84885.png]
[dakd0cjsv8wfa.cloudfront.net/images/api_clients/0/api_clients_139_1_10_0_10915.png]
[dakd0cjsv8wfa.cloudfront.net/images/api_clients/0/api_clients_331_1_10_0_52964.png]
[dakd0cjsv8wfa.cloudfront.net/images/api_clients/0/api_clients_130_1_10_0_23647.png]
[dakd0cjsv8wfa.cloudfront.net/images/api_clients/0/api_clients_282_1_10_0_81543.png]
[dakd0cjsv8wfa.cloudfront.net/images/api_clients/0/api_clients_86_1_10_0_19952.png]
[www.myfitnesspal.com/apps.html]
[www.myfitnesspal.com/premium.html]
[www.myfitnesspal.com/es/premium.html]
[www.myfitnesspal.com/da/premium.html]
[www.myfitnesspal.com/de/premium.html]
[www.myfitnesspal.com/fr/premium.html]
[www.myfitnesspal.com/it/premium.html]
[www.myfitnesspal.com/ja/premium.html]
[www.myfitnesspal.com/ko/premium.html]
[www.myfitnesspal.com/nl/premium.html]
[www.myfitnesspal.com/nb/premium.html]
[www.myfitnesspal.com/pt/premium.html]
[www.myfitnesspal.com/sv/premium.html]
[www.myfitnesspal.com/pl/premium.html]
[www.myfitnesspal.com/id/premium.html]
[www.myfitnesspal.com/tl/premium.html]
[www.myfitnesspal.com/ru/premium.html]
[www.myfitnesspal.com/ms/premium.html]
[www.myfitnesspal.com/tr/premium.html]
[www.myfitnesspal.com/zh-CN/premium.html]
[www.myfitnesspal.com/zh-TW/premium.html]
[web-main-assets.myfitnesspal.com/_next/static/chunks/4565-dc2bb7443addd7d9.js]
[web-main-assets.myfitnesspal.com/_next/static/chunks/pages/premium-38ced89ca8901f9d.js]
[www.myfitnesspal.com/account/login05a7.html]
[www.myfitnesspal.com/_next/healthy-foods-mobile662a.png]
[www.myfitnesspal.com/_next/healthy-foods-desktopc36f.png]
[www.myfitnesspal.com/_next/premium-features09a3.png]
[www.myfitnesspal.com/_next/crown-simplebe40.png]
[www.myfitnesspal.com/_next/meal-plans-circleef07.png]
[www.myfitnesspal.com/_next/personalized-goals-circle8f1f.png]
[www.myfitnesspal.com/_next/ad-free-circle8f3f.png]
[www.myfitnesspal.com/_next/img-woman5a1f.png]
[www.myfitnesspal.com/_next/img-man1a8f.png]
[www.myfitnesspal.com/_next/your-goals-herodfe1.png]
[www.myfitnesspal.com/_next/VictoryStoryTim0792.jpeg]
[www.myfitnesspal.com/_next/VictoryStoryNaQuisha46e4.jpeg]
[www.myfitnesspal.com/_next/VictoryStoryEriccb3e.jpeg]
[www.myfitnesspal.com/_next/VictoryStoryMolly3fea.jpeg]
[www.myfitnesspal.com/_next/VictoryStoryMattc6ff.jpeg]
[www.myfitnesspal.com/_next/faq-fruitfaf8.png]
[www.myfitnesspal.com/_next/avocado661e.png]
[www.myfitnesspal.com/_next/veggies087c.png]
[www.myfitnesspal.com/premium08a6.html]
[www.myfitnesspal.com/account/create/welcome62a4.html]
[www.myfitnesspal.com/account/loginf42c.html]
[www.myfitnesspal.com/account/login.html]
[www.myfitnesspal.com/_next/static/media/diary.e6e4c438.svg]
[www.myfitnesspal.com/_next/static/media/barcode.18277ae4.svg]
[www.myfitnesspal.com/_next/static/media/shoeblue.28e2684f.svg]
[www.myfitnesspal.com/_next/static/media/arrow-left.fdf599cb.svg]
[www.myfitnesspal.com/_next/static/media/arrow-right.7d54eed8.svg]
[www.myfitnesspal.com/_next/static/media/conversion-apple-app-store-logo.751bc42c.svg]
[www.myfitnesspal.com/_next/static/media/conversion-google-play-store-logo.1c6369a1.svg]
[www.myfitnesspal.com/es/terms-of-service.html]
[www.myfitnesspal.com/da/terms-of-service.html]
[www.myfitnesspal.com/fr/terms-of-service.html]
[www.myfitnesspal.com/de/terms-of-service.html]
[www.myfitnesspal.com/it/terms-of-service.html]
[www.myfitnesspal.com/ja/terms-of-service.html]
[www.myfitnesspal.com/ko/terms-of-service.html]
[www.myfitnesspal.com/nb/terms-of-service.html]
[www.myfitnesspal.com/nl/terms-of-service.html]
[www.myfitnesspal.com/pt/terms-of-service.html]
[www.myfitnesspal.com/sv/terms-of-service.html]
[www.myfitnesspal.com/id/terms-of-service.html]
[www.myfitnesspal.com/pl/terms-of-service.html]
[www.myfitnesspal.com/tl/terms-of-service.html]
[www.myfitnesspal.com/ru/terms-of-service.html]
[www.myfitnesspal.com/ms/terms-of-service.html]
[www.myfitnesspal.com/tr/terms-of-service.html]
[www.myfitnesspal.com/zh-CN/terms-of-service.html]
[web-main-assets.myfitnesspal.com/_next/static/chunks/7441-93b0d62c3318a82d.js]
[www.myfitnesspal.com/zh-TW/terms-of-service.html]
[web-main-assets.myfitnesspal.com/_next/static/chunks/pages/terms-of-service-65e2dd7b29295ab2.js]
[www.myfitnesspal.com/account/login3d1e.html]
[www.myfitnesspal.com/terms-of-service.html]
[www.myfitnesspal.com/es/privacy-policy.html]
[www.myfitnesspal.com/de/privacy-policy.html]
[www.myfitnesspal.com/da/privacy-policy.html]
[www.myfitnesspal.com/it/privacy-policy.html]
[www.myfitnesspal.com/fr/privacy-policy.html]
[www.myfitnesspal.com/ja/privacy-policy.html]
[www.myfitnesspal.com/nb/privacy-policy.html]
[www.myfitnesspal.com/ko/privacy-policy.html]
[www.myfitnesspal.com/nl/privacy-policy.html]
[www.myfitnesspal.com/pt/privacy-policy.html]
[www.myfitnesspal.com/sv/privacy-policy.html]
[www.myfitnesspal.com/pl/privacy-policy.html]
[www.myfitnesspal.com/tl/privacy-policy.html]
[www.myfitnesspal.com/id/privacy-policy.html]
[www.myfitnesspal.com/ms/privacy-policy.html]
[www.myfitnesspal.com/ru/privacy-policy.html]
[www.myfitnesspal.com/tr/privacy-policy.html]
[web-main-assets.myfitnesspal.com/_next/static/chunks/pages/privacy-policy-02e6fb600f604ce7.js]
[www.myfitnesspal.com/zh-CN/privacy-policy.html]
[www.myfitnesspal.com/zh-TW/privacy-policy.html]
[www.myfitnesspal.com/account/logincc49.html]
[www.myfitnesspal.com/account/login4198.html]
[www.myfitnesspal.com/privacy-policy.html]
[www.myfitnesspal.com/es/contact-us.html]
[www.myfitnesspal.com/de/contact-us.html]
[www.myfitnesspal.com/da/contact-us.html]
[www.myfitnesspal.com/fr/contact-us.html]
[www.myfitnesspal.com/ja/contact-us.html]
[www.myfitnesspal.com/it/contact-us.html]
[www.myfitnesspal.com/ko/contact-us.html]
[www.myfitnesspal.com/nb/contact-us.html]
[www.myfitnesspal.com/nl/contact-us.html]
[www.myfitnesspal.com/pt/contact-us.html]
[www.myfitnesspal.com/sv/contact-us.html]
[www.myfitnesspal.com/pl/contact-us.html]
[www.myfitnesspal.com/tl/contact-us.html]
[www.myfitnesspal.com/id/contact-us.html]
[www.myfitnesspal.com/ms/contact-us.html]
[www.myfitnesspal.com/ru/contact-us.html]
[www.myfitnesspal.com/tr/contact-us.html]
[www.myfitnesspal.com/zh-CN/contact-us.html]
[web-main-assets.myfitnesspal.com/_next/static/chunks/pages/contact-us-8665b505ba08af3b.js]
[www.myfitnesspal.com/account/login8319.html]
[www.myfitnesspal.com/zh-TW/contact-us.html]
[www.myfitnesspal.com/contact-us.html]
[www.myfitnesspal.com/es/community-guidelines.html]
[www.myfitnesspal.com/da/community-guidelines.html]
[www.myfitnesspal.com/de/community-guidelines.html]
[www.myfitnesspal.com/fr/community-guidelines.html]
[www.myfitnesspal.com/it/community-guidelines.html]
[www.myfitnesspal.com/ja/community-guidelines.html]
[www.myfitnesspal.com/ko/community-guidelines.html]
[www.myfitnesspal.com/nb/community-guidelines.html]
[www.myfitnesspal.com/nl/community-guidelines.html]
[www.myfitnesspal.com/pt/community-guidelines.html]
[www.myfitnesspal.com/sv/community-guidelines.html]
[www.myfitnesspal.com/pl/community-guidelines.html]
[www.myfitnesspal.com/id/community-guidelines.html]
[www.myfitnesspal.com/tl/community-guidelines.html]
[www.myfitnesspal.com/ms/community-guidelines.html]
[www.myfitnesspal.com/ru/community-guidelines.html]
[www.myfitnesspal.com/tr/community-guidelines.html]
[www.myfitnesspal.com/zh-CN/community-guidelines.html]
[web-main-assets.myfitnesspal.com/_next/static/chunks/pages/community-guidelines-d77b6edc4141d9b0.js]
[www.myfitnesspal.com/zh-TW/community-guidelines.html]
[www.myfitnesspal.com/enhttps_/support.myfitnesspal.com/hc/en-us/articles/360032273952-How-can-I-delete-a-forum-post-]
[www.myfitnesspal.com/account/login1e1a.html]
[www.myfitnesspal.com/enhttps_/support.myfitnesspal.com/hc/en-us/articles/360032624951-How-do-I-report-inappropriate-forum-posts-or-spam-]
[www.myfitnesspal.com/enhttps_/support.myfitnesspal.com/hc/en-us/articles/360032624491-Can-I-block-a-user-s-forum-posts-]
[www.myfitnesspal.com/community-guidelines.html]
[www.myfitnesspal.com/es/data-usage.html]
[www.myfitnesspal.com/da/data-usage.html]
[www.myfitnesspal.com/fr/data-usage.html]
[www.myfitnesspal.com/de/data-usage.html]
[www.myfitnesspal.com/it/data-usage.html]
[www.myfitnesspal.com/ja/data-usage.html]
[www.myfitnesspal.com/ko/data-usage.html]
[www.myfitnesspal.com/nb/data-usage.html]
[www.myfitnesspal.com/nl/data-usage.html]
[www.myfitnesspal.com/pt/data-usage.html]
[www.myfitnesspal.com/sv/data-usage.html]
[www.myfitnesspal.com/pl/data-usage.html]
[www.myfitnesspal.com/tl/data-usage.html]
[www.myfitnesspal.com/id/data-usage.html]
[www.myfitnesspal.com/ru/data-usage.html]
[www.myfitnesspal.com/tr/data-usage.html]
[www.myfitnesspal.com/ms/data-usage.html]
[www.myfitnesspal.com/zh-CN/data-usage.html]
[www.myfitnesspal.com/zh-TW/data-usage.html]
[web-main-assets.myfitnesspal.com/_next/static/chunks/pages/data-usage-6f11e735510b5b9b.js]
[www.myfitnesspal.com/account/login9267.html]
[www.myfitnesspal.com/data-usage.html]
[www.myfitnesspal.com/es/account/login9491.html]
[www.myfitnesspal.com/es/account/create/welcome62a4.html]
[www.myfitnesspal.com/es/premium08a6.html]
[www.myfitnesspal.com/es.html]
[www.myfitnesspal.com/da/account/loginfda0.html]
[www.myfitnesspal.com/da/premium08a6.html]
[www.myfitnesspal.com/da/account/create/welcome62a4.html]
[www.myfitnesspal.com/da.html]
[www.myfitnesspal.com/de/account/login9bd4.html]
[www.myfitnesspal.com/de/premium08a6.html]
[www.myfitnesspal.com/de/account/create/welcome62a4.html]
[www.myfitnesspal.com/de.html]
[www.myfitnesspal.com/fr/account/login1806.html]
[www.myfitnesspal.com/fr/premium08a6.html]
[www.myfitnesspal.com/fr/account/create/welcome62a4.html]
[www.myfitnesspal.com/fr.html]
[www.myfitnesspal.com/it/account/login332f.html]
[www.myfitnesspal.com/it/premium08a6.html]
[www.myfitnesspal.com/it/account/create/welcome62a4.html]
[www.myfitnesspal.com/it.html]
[www.myfitnesspal.com/ja/account/logincbea.html]
[www.myfitnesspal.com/ja/account/create/welcome62a4.html]
[www.myfitnesspal.com/ja/premium08a6.html]
[www.myfitnesspal.com/ja.html]
[www.myfitnesspal.com/ko/account/login06fd.html]
[www.myfitnesspal.com/ko/premium08a6.html]
[www.myfitnesspal.com/ko/account/create/welcome62a4.html]
[www.myfitnesspal.com/ko.html]
[www.myfitnesspal.com/nb/account/login8281.html]
[www.myfitnesspal.com/nb/premium08a6.html]
[www.myfitnesspal.com/nb/account/create/welcome62a4.html]
[www.myfitnesspal.com/nb.html]
[www.myfitnesspal.com/nl/account/loginc1c8.html]
[www.myfitnesspal.com/nl/premium08a6.html]
[www.myfitnesspal.com/nl/account/create/welcome62a4.html]
[www.myfitnesspal.com/nl.html]
[www.myfitnesspal.com/pt/account/loginf2d6.html]
[www.myfitnesspal.com/pt/premium08a6.html]
[www.myfitnesspal.com/pt/account/create/welcome62a4.html]
[www.myfitnesspal.com/pt.html]
[www.myfitnesspal.com/sv/account/loginc587.html]
[www.myfitnesspal.com/sv/account/create/welcome62a4.html]
[www.myfitnesspal.com/sv/premium08a6.html]
[www.myfitnesspal.com/sv.html]
[www.myfitnesspal.com/pl/account/loginfe9a.html]
[www.myfitnesspal.com/pl/premium08a6.html]
[www.myfitnesspal.com/pl/account/create/welcome62a4.html]
[www.myfitnesspal.com/pl.html]
[www.myfitnesspal.com/id/account/loginbaaf.html]
[www.myfitnesspal.com/id/premium08a6.html]
[www.myfitnesspal.com/id/account/create/welcome62a4.html]
[www.myfitnesspal.com/id.html]
[www.myfitnesspal.com/tl/account/login9961.html]
[www.myfitnesspal.com/tl/premium08a6.html]
[www.myfitnesspal.com/tl/account/create/welcome62a4.html]
[www.myfitnesspal.com/tl.html]
[www.myfitnesspal.com/ru/account/login26d9.html]
[www.myfitnesspal.com/ru/premium08a6.html]
[www.myfitnesspal.com/ru/account/create/welcome62a4.html]
[www.myfitnesspal.com/ru.html]
[www.myfitnesspal.com/ms/account/login4c42.html]
[www.myfitnesspal.com/ms/premium08a6.html]
[www.myfitnesspal.com/ms/account/create/welcome62a4.html]
[www.myfitnesspal.com/ms.html]
[www.myfitnesspal.com/tr/account/login6f64.html]
[www.myfitnesspal.com/tr/premium08a6.html]
[www.myfitnesspal.com/tr/account/create/welcome62a4.html]
[www.myfitnesspal.com/tr.html]
[www.myfitnesspal.com/zh-CN/account/login1ca1.html]
[www.myfitnesspal.com/zh-CN/account/create/welcome62a4.html]
[www.myfitnesspal.com/zh-CN/premium08a6.html]
[www.myfitnesspal.com/zh-CN.html]
[www.myfitnesspal.com/zh-TW/account/logind40e.html]
[www.myfitnesspal.com/zh-TW/premium08a6.html]
[www.myfitnesspal.com/zh-TW/account/create/welcome62a4.html]
[www.myfitnesspal.com/zh-TW.html]
[web-assets.myfitnesspal.com/fonts//web-assets.myfitnesspal.com/fonts/Inter-Light.woff2]
[web-assets.myfitnesspal.com/fonts//web-assets.myfitnesspal.com/fonts/Inter-Light.woff]
[web-assets.myfitnesspal.com/fonts//web-assets.myfitnesspal.com/fonts/Inter-BoldItalic.woff2]
[web-assets.myfitnesspal.com/fonts//web-assets.myfitnesspal.com/fonts/Inter-BoldItalic.woff]
[www.myfitnesspal.com/es/account/login6b6a.html]
[www.myfitnesspal.com/es/account/forgot-password.html]
[www.myfitnesspal.com/es/account/login.html]
[www.myfitnesspal.com/da/account/forgot-password.html]
[www.myfitnesspal.com/da/account/loginb2b9.html]
[www.myfitnesspal.com/da/account/login.html]
[www.myfitnesspal.com/de/account/logind9d5.html]
[www.myfitnesspal.com/de/account/forgot-password.html]
[www.myfitnesspal.com/de/account/login.html]
[www.myfitnesspal.com/fr/account/forgot-password.html]
[www.myfitnesspal.com/fr/account/login1ab5.html]
[www.myfitnesspal.com/fr/account/login.html]
[www.myfitnesspal.com/it/account/login4d50.html]
[www.myfitnesspal.com/it/account/login.html]
[www.myfitnesspal.com/it/account/forgot-password.html]
[www.myfitnesspal.com/ja/account/login6b4f.html]
[www.myfitnesspal.com/ja/account/forgot-password.html]
[www.myfitnesspal.com/ja/account/login.html]
[www.myfitnesspal.com/ko/account/login5d02.html]
[www.myfitnesspal.com/ko/account/login.html]
[www.myfitnesspal.com/ko/account/forgot-password.html]
[www.myfitnesspal.com/nb/account/login05b4.html]
[www.myfitnesspal.com/nb/account/forgot-password.html]
[www.myfitnesspal.com/nb/account/login.html]
[www.myfitnesspal.com/nl/account/login1801.html]
[www.myfitnesspal.com/nl/account/forgot-password.html]
[www.myfitnesspal.com/nl/account/login.html]
[www.myfitnesspal.com/pt/account/login5ebd.html]
[www.myfitnesspal.com/pt/account/forgot-password.html]
[www.myfitnesspal.com/pt/account/login.html]
[www.myfitnesspal.com/sv/account/forgot-password.html]
[www.myfitnesspal.com/sv/account/login403f.html]
[www.myfitnesspal.com/sv/account/login.html]
[www.myfitnesspal.com/pl/account/loginf99f.html]
[www.myfitnesspal.com/pl/account/forgot-password.html]
[www.myfitnesspal.com/pl/account/login.html]
[www.myfitnesspal.com/id/account/forgot-password.html]
[www.myfitnesspal.com/id/account/login7668.html]
[www.myfitnesspal.com/id/account/login.html]
[www.myfitnesspal.com/tl/account/login2d94.html]
[www.myfitnesspal.com/tl/account/forgot-password.html]
[www.myfitnesspal.com/tl/account/login.html]
[www.myfitnesspal.com/ru/account/loginc167.html]
[www.myfitnesspal.com/ru/account/forgot-password.html]
[www.myfitnesspal.com/ru/account/login.html]
[www.myfitnesspal.com/ms/account/login5adb.html]
[www.myfitnesspal.com/ms/account/forgot-password.html]
[www.myfitnesspal.com/ms/account/login.html]
[www.myfitnesspal.com/tr/account/loginbb5a.html]
[www.myfitnesspal.com/tr/account/forgot-password.html]
[www.myfitnesspal.com/tr/account/login.html]
[www.myfitnesspal.com/zh-CN/account/login6668.html]
[www.myfitnesspal.com/zh-CN/account/forgot-password.html]
[www.myfitnesspal.com/zh-CN/account/login.html]
[www.myfitnesspal.com/zh-TW/account/loginb017.html]
[www.myfitnesspal.com/zh-TW/account/forgot-password.html]
[www.myfitnesspal.com/zh-TW/account/login.html]
[www.myfitnesspal.com/account/login5cf9.html]
[www.myfitnesspal.com/account/login07e9.html]
[www.myfitnesspal.com/account/create/welcome699d.html]
[www.myfitnesspal.com/account/create/welcomec3e0.html]
[web-main-assets.myfitnesspal.com/_next/static/chunks/1738-ec10059449f30dad.js]
[www.myfitnesspal.com/account/forgot-password.html]
[www.myfitnesspal.com/es/account/create/welcome.html]
[www.myfitnesspal.com/da/account/create/welcome.html]
[www.myfitnesspal.com/de/account/create/welcome.html]
[www.myfitnesspal.com/fr/account/create/welcome.html]
[www.myfitnesspal.com/it/account/create/welcome.html]
[www.myfitnesspal.com/ja/account/create/welcome.html]
[www.myfitnesspal.com/ko/account/create/welcome.html]
[www.myfitnesspal.com/nb/account/create/welcome.html]
[www.myfitnesspal.com/nl/account/create/welcome.html]
[web-main-assets.myfitnesspal.com/_next/static/chunks/pages/account/forgot-password-77444791fda4bc82.js]
[www.myfitnesspal.com/pt/account/create/welcome.html]
[www.myfitnesspal.com/sv/account/create/welcome.html]
[www.myfitnesspal.com/pl/account/create/welcome.html]
[www.myfitnesspal.com/id/account/create/welcome.html]
[www.myfitnesspal.com/tl/account/create/welcome.html]
[www.myfitnesspal.com/ru/account/create/welcome.html]
[www.myfitnesspal.com/ms/account/create/welcome.html]
[www.myfitnesspal.com/tr/account/create/welcome.html]
[www.myfitnesspal.com/zh-CN/account/create/welcome.html]
[www.myfitnesspal.com/zh-TW/account/create/welcome.html]
[www.myfitnesspal.com/welcome/opensearch.xml]
[www.myfitnesspal.com/assets/bg/bg.gif]
[www.myfitnesspal.com/assets/bg/bg_home.gif]
[www.myfitnesspal.com/assets/bg/bg_registration.png]
[www.myfitnesspal.com/assets/sprite.v6.gif]
[www.myfitnesspal.com/assets/bg/bg_footer.gif]
[www.myfitnesspal.com/assets/img_banner.jpg]
[www.myfitnesspal.com/assets/bg/bg_banner-h2.png]
[www.myfitnesspal.com/assets/bg/bg_shadow.png]
[www.myfitnesspal.com/assets/bg/bg_box.gif]
[www.myfitnesspal.com/assets/ico_box-h3.gif]
[www.myfitnesspal.com/assets/punctuation.gif]
[www.myfitnesspal.com/assets/punctuation_buttons.gif]
[www.myfitnesspal.com/assets/punctuation_small.png]
[www.myfitnesspal.com/assets/mfp_tools_fitbit_featured_image.jpg]
[www.myfitnesspal.com/assets/mfpandroid-small.jpg]
[www.myfitnesspal.com/assets/tools.v3.jpg]
[www.myfitnesspal.com/assets/bg/bg_gradient.png]
[www.myfitnesspal.com/assets/ticker-button-start.png]
[www.myfitnesspal.com/assets/big-bullet.gif]
[www.myfitnesspal.com/assets/bg/bg_input_1.png]
[www.myfitnesspal.com/assets/sprite-block.gif]
[www.myfitnesspal.com/assets/quotes.gif]
[www.myfitnesspal.com/assets/bg/bg_block_small.gif]
[www.myfitnesspal.com/assets/img-about-us.png]
[www.myfitnesspal.com/assets/img-about-us-2.png]
[www.myfitnesspal.com/assets/ic_verified_foods-small.png]
[www.myfitnesspal.com/assets/ico_glass.gif]
[www.myfitnesspal.com/assets/bt_up-down.gif]
[www.myfitnesspal.com/assets/bullet-2.gif]
[www.myfitnesspal.com/assets/bullet-3.gif]
[www.myfitnesspal.com/assets/bg/bg_footer-wrap.gif]
[www.myfitnesspal.com/assets/bg/dot.gif]
[www.myfitnesspal.com/assets/bg/bg_submit.gif]
[www.myfitnesspal.com/assets/bg/bg_input.gif]
[www.myfitnesspal.com/assets/bg/bg_block.gif]
[www.myfitnesspal.com/assets/bg/bg_banner-join.png]
[www.myfitnesspal.com/assets/txt_join-now-for-free.gif]
[www.myfitnesspal.com/assets/bg/bg_block_sidebar.gif]
[www.myfitnesspal.com/assets/bg/bg2.gif]
[www.myfitnesspal.com/assets/connect_sprite.png]
[www.myfitnesspal.com/assets/downarrow_blue.gif]
[www.myfitnesspal.com/assets/downarrow_orange.gif]
[www.myfitnesspal.com/assets/downarrow_blue_sm.gif]
[www.myfitnesspal.com/assets/downarrow_orange_sm.gif]
[www.myfitnesspal.com/assets/circle-yellow-exclamation.gif]
[www.myfitnesspal.com/assets/dot1.gif]
[www.myfitnesspal.com/assets/dot_babyBlue.gif]
[www.myfitnesspal.com/assets/fancybox/fancy_sprite.gif]
[www.myfitnesspal.com/assets/fancybox/fancy_loading.gif]
[www.myfitnesspal.com/stylesheets/iepngfix.htc]
[www.myfitnesspal.com/assets/img-about-us-2.gif]
[www.myfitnesspal.com/assets/img-about-us.gif]
[www.myfitnesspal.com/assets/bg/bg_banner-join.gif]
[www.myfitnesspal.com/assets/bg/bg_banner-h2.gif]
[www.myfitnesspal.com/assets/brand_lightbox2_checkmark.jpg]
[www.myfitnesspal.com/assets/brand_blind_checkmark.jpg]
[www.myfitnesspal.com/assets/brand_blind_blue_join.jpg]
[www.myfitnesspal.com/assets/brand_lightbox1_blue_join.jpg]
[www.myfitnesspal.com/assets/brand_lightbox2_blue_join.jpg]
[www.myfitnesspal.com/assets/brand_lightbox3_blue_join_top.jpg]
[www.myfitnesspal.com/assets/brand_lightbox3_blue_join_fill.jpg]
[www.myfitnesspal.com/assets/brand_lightbox3_blue_join_bottom.jpg]
[www.myfitnesspal.com/assets/brand_lightbox3_quote.jpg]
[www.myfitnesspal.com/assets/brand_lightbox3_chauncy.jpg]
[www.myfitnesspal.com/assets/brand_lightbox3_john.jpg]
[www.myfitnesspal.com/assets/brand_lightbox3_cassie.jpg]
[www.myfitnesspal.com/assets/brand_lightbox3_join1_back.jpg]
[www.myfitnesspal.com/assets/jqfancybox/fancybox.png]
[www.myfitnesspal.com/assets/jqfancybox/blank.gif]
[www.myfitnesspal.com/assets/jqfancybox/fancybox-x.png]
[www.myfitnesspal.com/assets/jqfancybox/fancybox-y.png]
[www.myfitnesspal.com/assets/jqfancybox/fancy_title_over.png]
[www.myfitnesspal.com/assets/jqfancybox/fancy_close.png]
[www.myfitnesspal.com/assets/jqfancybox/fancy_nav_left.png]
[www.myfitnesspal.com/assets/jqfancybox/fancy_nav_right.png]
[www.myfitnesspal.com/assets/jqfancybox/fancy_title_left.png]
[www.myfitnesspal.com/assets/jqfancybox/fancy_title_main.png]
[www.myfitnesspal.com/assets/jqfancybox/fancy_title_right.png]
[www.myfitnesspal.com/assets/jqfancybox/fancy_loading.png]
[www.myfitnesspal.com/assets/jqfancybox/fancy_shadow_n.png]
[www.myfitnesspal.com/assets/jqfancybox/fancy_shadow_ne.png]
[www.myfitnesspal.com/assets/jqfancybox/fancy_shadow_e.png]
[www.myfitnesspal.com/assets/jqfancybox/fancy_shadow_se.png]
[www.myfitnesspal.com/assets/jqfancybox/fancy_shadow_s.png]
[www.myfitnesspal.com/assets/jqfancybox/fancy_shadow_sw.png]
[www.myfitnesspal.com/assets/jqfancybox/fancy_shadow_w.png]
[www.myfitnesspal.com/assets/jqfancybox/fancy_shadow_nw.png]
[www.myfitnesspal.com/assets/ajax-loader.gif]
[www.myfitnesspal.com/assets/create1_small_arrow_black.gif]
[www.myfitnesspal.com/assets/bullet_recipe.gif]
[www.myfitnesspal.com/assets/icons_offers.gif]
[www.myfitnesspal.com/assets/fb_icon.png]
[www.myfitnesspal.com/assets/top_nav_icons.png]
[www.myfitnesspal.com/assets/sprite.v7.gif]
[www.myfitnesspal.com/assets/bg_post.gif]
[www.myfitnesspal.com/assets/icon_post_meta.gif]
[www.myfitnesspal.com/assets/web_likes_sprite.png]
[www.myfitnesspal.com/assets/web_comments_sprite.png]
[www.myfitnesspal.com/assets/ajax-loader-bert.gif]
[www.myfitnesspal.com/images/sprite.v6.gif]
[www.myfitnesspal.com/assets/glass_image_sprite.gif]
[www.myfitnesspal.com/assets/jqueryui/ui-bg_inset-hard_100_f6f6f6_1x100.png]
[www.myfitnesspal.com/assets/jqueryui/ui-bg_inset-hard_0_0a5282_1x100.png]
[www.myfitnesspal.com/assets/jqueryui/ui-bg_inset-soft_0_0a5282_1x100.png]
[www.myfitnesspal.com/assets/jqueryui/ui-bg_glass_0_FFF_1x400.png]
[www.myfitnesspal.com/assets/jqueryui/ui-bg_gloss-wave_0_fff_500x100.png]
[www.myfitnesspal.com/assets/jqueryui/ui-bg_gloss-wave_0_f6d0d0_500x100.png]
[www.myfitnesspal.com/assets/jqueryui/ui-icons_FFF_256x240.png]
[www.myfitnesspal.com/assets/jqueryui/ui-icons_056b93_256x240.png]
[www.myfitnesspal.com/assets/jqueryui/ui-icons_0a5282_256x240.png]
[www.myfitnesspal.com/assets/jqueryui/ui-icons_cd0a0a_256x240.png]
[www.myfitnesspal.com/assets/jqueryui/ui-bg_flat_75_aaaaaa_40x100.png]
[www.myfitnesspal.com/assets/jqueryui/ui-bg_flat_55_999999_40x100.png]
[www.myfitnesspal.com/assets/update_weight_goal.png]
[www.myfitnesspal.com/assets/ic_fb_crisp.png]
[www.myfitnesspal.com/assets/web_email.png]
[www.myfitnesspal.com/assets/scale_icons.png]
[www.myfitnesspal.com/assets/scale_pure.png]
[www.myfitnesspal.com/assets/ic_helloheathy.png]
[www.myfitnesspal.com/assets/translate/map_bg.png]
[www.myfitnesspal.com/assets/translate/devices.png]
[www.myfitnesspal.com/assets/translate/hello_signs.png]
[www.myfitnesspal.com/assets/sass/controllers/welcome-b27dce3a88a8d388d6d86b0e8467ea29e1bec8cf8c05d3af177c51741884097d.css]
[www.myfitnesspal.com/assets/welcome/learn_more-c1127c9bc6da9a9b1b125ddb7505e045d775295b140482960139eb711ac4a14a.css]
[www.myfitnesspal.com/stylesheets/font-awesome/font/fontawesome-webfontf77b.eot]
[www.myfitnesspal.com/stylesheets/font-awesome/font/fontawesome-webfontd41d.eot]
[www.myfitnesspal.com/stylesheets/font-awesome/font/fontawesome-webfontf77b.woff]
[www.myfitnesspal.com/stylesheets/font-awesome/font/fontawesome-webfontf77b.ttf]
[www.myfitnesspal.com/stylesheets/font-awesome/css/font-awesome.min.css]
[www.myfitnesspal.com/stylesheets/font-mfizz/font-mfizzd41d.eot]
[www.myfitnesspal.com/stylesheets/font-mfizz/font-mfizz.eot]
[www.myfitnesspal.com/stylesheets/font-mfizz/font-mfizz.woff]
[www.myfitnesspal.com/stylesheets/font-mfizz/font-mfizz.ttf]
[www.myfitnesspal.com/stylesheets/font-mfizz/font-mfizz.css]
[www.myfitnesspal.com/welcome/mfpketo.user.html]
[www.myfitnesspal.com/de/welcome/mfpketo.user.js]
[connect.facebook.net/de_DE/sdk.js]
[www.myfitnesspal.com/de/account/create12c1.html]
[www.myfitnesspal.com/de/account/login0670.html]
[www.myfitnesspal.com/de/premium4d98.html]
[www.myfitnesspal.com/de/account/create.html]
[www.myfitnesspal.com/de/welcome/learn_more.html]
[connect.facebook.net/es_ES/sdk.js]
[www.myfitnesspal.com/es/account/loginf125.html]
[www.myfitnesspal.com/es/account/create76a9.html]
[www.myfitnesspal.com/es/premium4d98.html]
[www.myfitnesspal.com/es/account/create.html]
[www.myfitnesspal.com/es/welcome/learn_more.html]
[www.myfitnesspal.com/fr/welcome/mfpketo.user.js]
[connect.facebook.net/fr_FR/sdk.js]
[www.myfitnesspal.com/fr/account/login52f6.html]
[www.myfitnesspal.com/fr/account/createf068.html]
[www.myfitnesspal.com/fr/premium4d98.html]
[www.myfitnesspal.com/fr/account/create.html]
[www.myfitnesspal.com/fr/welcome/learn_more.html]
[connect.facebook.net/pt_BR/sdk.js]
[www.myfitnesspal.com/pt/account/login21d2.html]
[www.myfitnesspal.com/pt/account/create8d79.html]
[www.myfitnesspal.com/pt/premium4d98.html]
[www.myfitnesspal.com/pt/account/create.html]
[www.myfitnesspal.com/pt/welcome/learn_more.html]
[connect.facebook.net/it_IT/sdk.js]
[www.myfitnesspal.com/it/account/created402.html]
[www.myfitnesspal.com/it/account/login533d.html]
[www.myfitnesspal.com/it/premium4d98.html]
[www.myfitnesspal.com/it/account/create.html]
[www.myfitnesspal.com/it/welcome/learn_more.html]
[connect.facebook.net/nb_NO/sdk.js]
[www.myfitnesspal.com/nb/account/login56fd.html]
[www.myfitnesspal.com/nb/account/created03c.html]
[www.myfitnesspal.com/nb/premium4d98.html]
[www.myfitnesspal.com/nb/account/create.html]
[www.myfitnesspal.com/nb/welcome/learn_more.html]
[connect.facebook.net/nl_NL/sdk.js]
[www.myfitnesspal.com/nl/account/loginb259.html]
[www.myfitnesspal.com/nl/account/create2a9e.html]
[www.myfitnesspal.com/nl/premium4d98.html]
[www.myfitnesspal.com/nl/account/create.html]
[www.myfitnesspal.com/nl/welcome/learn_more.html]
[connect.facebook.net/ru_RU/sdk.js]
[www.myfitnesspal.com/ru/account/loginbc6c.html]
[www.myfitnesspal.com/ru/account/create8906.html]
[www.myfitnesspal.com/ru/premium4d98.html]
[www.myfitnesspal.com/ru/account/create.html]
[www.myfitnesspal.com/ru/welcome/learn_more.html]
[connect.facebook.net/sv_SE/sdk.js]
[www.myfitnesspal.com/sv/account/logine7b4.html]
[www.myfitnesspal.com/sv/account/create93b7.html]
[www.myfitnesspal.com/sv/premium4d98.html]
[www.myfitnesspal.com/sv/account/create.html]
[www.myfitnesspal.com/sv/welcome/learn_more.html]
[connect.facebook.net/da_DK/sdk.js]
[www.myfitnesspal.com/da/account/loginc6e8.html]
[www.myfitnesspal.com/da/account/create2b30.html]
[www.myfitnesspal.com/da/premium4d98.html]
[www.myfitnesspal.com/da/account/create.html]
[www.myfitnesspal.com/da/welcome/learn_more.html]
[www.myfitnesspal.com/ko/account/login1984.html]
[www.myfitnesspal.com/ko/account/create3ed8.html]
[www.myfitnesspal.com/ko/premium4d98.html]
[www.myfitnesspal.com/ko/account/create.html]
[www.myfitnesspal.com/ko/welcome/learn_more.html]
[www.myfitnesspal.com/ja/account/login7f13.html]
[www.myfitnesspal.com/ja/account/createc343.html]
[www.myfitnesspal.com/ja/premium4d98.html]
[www.myfitnesspal.com/ja/account/create.html]
[www.myfitnesspal.com/ja/welcome/learn_more.html]
[www.myfitnesspal.com/zh-CN/account/login607b.html]
[www.myfitnesspal.com/zh-CN/account/create7dd8.html]
[www.myfitnesspal.com/zh-CN/premium4d98.html]
[www.myfitnesspal.com/zh-CN/account/create.html]
[www.myfitnesspal.com/zh-CN/welcome/learn_more.html]
[www.myfitnesspal.com/zh-TW/welcome/mfpketo.user.js]
[www.myfitnesspal.com/zh-TW/account/createa924.html]
[www.myfitnesspal.com/zh-TW/account/loginf30b.html]
[www.myfitnesspal.com/zh-TW/premium4d98.html]
[www.myfitnesspal.com/zh-TW/account/create.html]
[www.myfitnesspal.com/zh-TW/welcome/learn_more.html]
[www.googletagmanager.com/gtm5445.html]
[connect.facebook.net/en_US/sdk.js]
[www.myfitnesspal.com/account/create/welcomed45b.html]
[www.myfitnesspal.com/account/login6a9a.html]
[www.myfitnesspal.com/account/loginc9a8.html]
[www.myfitnesspal.com/id/account/create.html]
[www.myfitnesspal.com/pl/account/create.html]
[www.myfitnesspal.com/tl/account/create.html]
[www.myfitnesspal.com/ms/account/create.html]
[web-main-assets.myfitnesspal.com/_next/static/chunks/1028-75f648c83d8db1d3.js]
[web-main-assets.myfitnesspal.com/_next/static/chunks/3614-3312eb8516db7202.js]
[web-main-assets.myfitnesspal.com/_next/static/chunks/pages/account/create-3e5423a280d6f09b.js]
[www.myfitnesspal.com/tr/account/create.html]
[www.myfitnesspal.com/account/createfd11.html]
[www.myfitnesspal.com/account/loginfd96.html]
[www.myfitnesspal.com/premium4d98.html]
[www.myfitnesspal.com/account/create.html]
[www.myfitnesspal.com/assets/sass/banner/ccpa_banner-b85389516f8dd473ef5a288d7782601e20aced378a9a11798bd30803ccb147b5.css]
[cdnjs.cloudflare.com/ajax/libs/font-awesome/4.7.0/css/font-awesome.min.css]
[www.myfitnesspal.com/es/account/login73de.html]
[www.myfitnesspal.com/es/nutrition-facts-calories.html]
[www.myfitnesspal.com/da/nutrition-facts-calories.html]
[www.myfitnesspal.com/da/account/logina8f7.html]
[www.myfitnesspal.com/de/account/login2e44.html]
[www.myfitnesspal.com/de/nutrition-facts-calories.html]
[www.myfitnesspal.com/fr/nutrition-facts-calories.html]
[www.myfitnesspal.com/fr/account/login6c9f.html]
[www.myfitnesspal.com/it/nutrition-facts-calories.html]
[www.myfitnesspal.com/it/account/loginbf53.html]
[www.myfitnesspal.com/ja/nutrition-facts-calories.html]
[www.myfitnesspal.com/ja/account/loginfba9.html]
[www.myfitnesspal.com/ko/account/login3cf7.html]
[www.myfitnesspal.com/ko/nutrition-facts-calories.html]
[www.myfitnesspal.com/nb/account/login6304.html]
[www.myfitnesspal.com/nb/nutrition-facts-calories.html]
[www.myfitnesspal.com/nl/nutrition-facts-calories.html]
[www.myfitnesspal.com/nl/account/login600f.html]
[www.myfitnesspal.com/pt/account/loginb589.html]
[www.myfitnesspal.com/pt/nutrition-facts-calories.html]
[www.myfitnesspal.com/sv/account/login9acf.html]
[www.myfitnesspal.com/sv/nutrition-facts-calories.html]
[www.myfitnesspal.com/pl/nutrition-facts-calories.html]
[www.myfitnesspal.com/pl/account/login00cd.html]
[www.myfitnesspal.com/id/account/loginee37.html]
[www.myfitnesspal.com/id/nutrition-facts-calories.html]
[www.myfitnesspal.com/tl/nutrition-facts-calories.html]
[www.myfitnesspal.com/tl/account/loginec5e.html]
[www.myfitnesspal.com/ru/nutrition-facts-calories.html]
[www.myfitnesspal.com/ru/account/login5fb2.html]
[www.myfitnesspal.com/ms/account/login1d98.html]
[www.myfitnesspal.com/ms/nutrition-facts-calories.html]
[www.myfitnesspal.com/tr/account/logina6a1.html]
[www.myfitnesspal.com/tr/nutrition-facts-calories.html]
[www.myfitnesspal.com/zh-CN/account/login20f3.html]
[www.myfitnesspal.com/zh-CN/nutrition-facts-calories.html]
[www.myfitnesspal.com/zh-TW/account/loginf6b0.html]
[www.myfitnesspal.com/zh-TW/nutrition-facts-calories.html]
[www.myfitnesspal.com/account/loginf517.html]
[www.myfitnesspal.com/account/login232f.html]
[www.myfitnesspal.com/_next/static/media/food-search.ca9350e8.svg]
[www.myfitnesspal.com/exercise/opensearch.xml]
[www.myfitnesspal.com/assets/sass/application-4bba599230fb54490cfc454fa02938d543ba3e26ae2f451ea727b03975be00c0.css]
[www.myfitnesspal.com/exercise/mfpketo.user.html]
[www.myfitnesspal.com/account/create/welcome0863.html]
[www.myfitnesspal.com/de/exercise/mfpketo.user.js]
[www.myfitnesspal.com/de/account/login04b4.html]
[www.myfitnesspal.com/de/exercise/lookup.html]
[www.myfitnesspal.com/es/account/login6de9.html]
[www.myfitnesspal.com/es/exercise/lookup.html]
[www.myfitnesspal.com/fr/account/login9a67.html]
[www.myfitnesspal.com/fr/exercise/lookup.html]
[www.myfitnesspal.com/pt/account/login0c15.html]
[www.myfitnesspal.com/pt/exercise/lookup.html]
[www.myfitnesspal.com/it/account/login1d04.html]
[www.myfitnesspal.com/it/exercise/lookup.html]
[www.myfitnesspal.com/nb/account/login531e.html]
[www.myfitnesspal.com/nb/exercise/lookup.html]
[www.myfitnesspal.com/nl/account/login85fc.html]
[www.myfitnesspal.com/nl/exercise/lookup.html]
[www.myfitnesspal.com/ru/account/login4ad1.html]
[www.myfitnesspal.com/ru/exercise/lookup.html]
[www.myfitnesspal.com/sv/account/login026c.html]
[www.myfitnesspal.com/sv/exercise/lookup.html]
[www.myfitnesspal.com/da/account/login096b.html]
[www.myfitnesspal.com/da/exercise/lookup.html]
[www.myfitnesspal.com/ko/account/login5064.html]
[www.myfitnesspal.com/ko/exercise/lookup.html]
[www.myfitnesspal.com/ja/account/logineed4.html]
[www.myfitnesspal.com/ja/exercise/lookup.html]
[www.myfitnesspal.com/zh-CN/account/loginf0ab.html]
[www.myfitnesspal.com/zh-CN/exercise/lookup.html]
[www.myfitnesspal.com/zh-TW/account/login004f.html]
[www.myfitnesspal.com/zh-TW/exercise/lookup.html]
[www.myfitnesspal.com/account/loginfe75.html]
[www.myfitnesspal.com/account/create/welcome328b.html]
[www.myfitnesspal.com/account/logindd33.html]
[www.myfitnesspal.com/exercise/list_by_name/opensearch.xml]
[www.myfitnesspal.com/account/login35d8.html]
[www.myfitnesspal.com/exercise/list_by_name/a.html]
[www.myfitnesspal.com/account/logina2c0.html]
[www.myfitnesspal.com/exercise/list_by_name/b.html]
[www.myfitnesspal.com/account/login6e6a.html]
[www.myfitnesspal.com/exercise/list_by_name/c.html]
[www.myfitnesspal.com/account/login1a7f.html]
[www.myfitnesspal.com/exercise/list_by_name/d.html]
[www.myfitnesspal.com/account/loginb1d1.html]
[www.myfitnesspal.com/exercise/list_by_name/e.html]
[www.myfitnesspal.com/account/login0ec0.html]
[www.myfitnesspal.com/exercise/list_by_name/f.html]
[www.myfitnesspal.com/account/login2e49.html]
[www.myfitnesspal.com/exercise/list_by_name/g.html]
[www.myfitnesspal.com/account/login8cb8.html]
[www.myfitnesspal.com/exercise/list_by_name/h.html]
[www.myfitnesspal.com/account/logind2b1.html]
[www.myfitnesspal.com/exercise/list_by_name/i.html]
[www.myfitnesspal.com/account/login81c7.html]
[www.myfitnesspal.com/exercise/list_by_name/j.html]
[www.myfitnesspal.com/account/login82a0.html]
[www.myfitnesspal.com/exercise/list_by_name/k.html]
[www.myfitnesspal.com/account/login916d.html]
[www.myfitnesspal.com/exercise/list_by_name/l.html]
[www.myfitnesspal.com/account/login13df.html]
[www.myfitnesspal.com/exercise/list_by_name/m.html]
[www.myfitnesspal.com/account/login6b7e.html]
[www.myfitnesspal.com/exercise/list_by_name/n.html]
[www.myfitnesspal.com/account/logincd3b.html]
[www.myfitnesspal.com/exercise/list_by_name/o.html]
[www.myfitnesspal.com/account/login5039.html]
[www.myfitnesspal.com/exercise/list_by_name/p.html]
[www.myfitnesspal.com/account/login1099.html]
[www.myfitnesspal.com/exercise/list_by_name/q.html]
[www.myfitnesspal.com/account/login9ba3.html]
[www.myfitnesspal.com/exercise/list_by_name/r.html]
[www.myfitnesspal.com/account/logincc6b.html]
[www.myfitnesspal.com/exercise/list_by_name/s.html]
[www.myfitnesspal.com/account/login98e2.html]
[www.myfitnesspal.com/exercise/list_by_name/t.html]
[www.myfitnesspal.com/account/login99bb.html]
[www.myfitnesspal.com/exercise/list_by_name/u.html]
[www.myfitnesspal.com/account/login4059.html]
[www.myfitnesspal.com/exercise/list_by_name/v.html]
[www.myfitnesspal.com/account/logind3fa.html]
[www.myfitnesspal.com/exercise/list_by_name/w.html]
[www.myfitnesspal.com/account/logina989.html]
[www.myfitnesspal.com/exercise/list_by_name/x.html]
[www.myfitnesspal.com/account/login1b25.html]
[www.myfitnesspal.com/exercise/list_by_name/y.html]
[www.myfitnesspal.com/account/login13f4.html]
[www.myfitnesspal.com/exercise/list_by_name/z.html]
[www.myfitnesspal.com/assets/sass/controllers/apps-2cfa3edebb5a67cdadaf6529e7db72d534b644d9401ed98fb3d8dd9d1b12e85b.css]
[www.myfitnesspal.com/mfpketo.user.html]
[www.myfitnesspal.com/de/account/logineebe.html]
[www.myfitnesspal.com/de/apps.html]
[www.myfitnesspal.com/es/account/logindd1b.html]
[www.myfitnesspal.com/es/apps.html]
[www.myfitnesspal.com/fr/account/login1516.html]
[www.myfitnesspal.com/fr/apps.html]
[www.myfitnesspal.com/pt/account/login88dd.html]
[www.myfitnesspal.com/pt/apps.html]
[www.myfitnesspal.com/it/account/login9bf4.html]
